
> vite_react_shadcn_ts@0.0.0 build
> vite build

[36mvite v5.4.21 [32mbuilding for production...[36m[39m
transforming...
node.exe : 
Browserslist: browsers 
data (caniuse-lite) is 
8 months old. Please 
run:
At C:\Program Files\nod
ejs\npm.ps1:29 char:3
+   & $NODE_EXE 
$NPM_CLI_JS $args
+   ~~~~~~~~~~~~~~~~~~~
~~~~~~~~~~
    + CategoryInfo     
         : 
NotSpecified: (Bro    
wserslist: b...ld. Ple 
   ase run::String) 
[], R    emoteException
    + 
FullyQualifiedErrorI   
 d : NativeCommandError
 
  npx update-browsersli
st-db@latest
  Why you should do it 
regularly: https://gith
ub.com/browserslist/upd
ate-db#readme
[32mΓ£ô[39m 2081 modules transformed.
[31mx[39m Build 
failed in 4.83s
[31merror during 
build:
[31m[vite]: Rollup 
failed to resolve 
import "axios" from "F:
/21-Feb-Odoo/client/src
/features/dispatcher/se
rvices/dispatcherApi.ts
".
This is most likely 
unintended because it 
can break your 
application at runtime.
If you do want to 
externalize this 
module explicitly add 
it to
`build.rollupOptions.ex
ternal`[31m
    at viteWarn (file:/
//F:/21-Feb-Odoo/client
/node_modules/vite/dist
/node/chunks/dep-BK3b2j
Ba.js:65855:17)
    at onwarn (file:///
F:/21-Feb-Odoo/client/n
ode_modules/@vitejs/plu
gin-react-swc/index.js:
90:7)
    at onRollupWarning 
(file:///F:/21-Feb-Odoo
/client/node_modules/vi
te/dist/node/chunks/dep
-BK3b2jBa.js:65885:5)
    at onwarn (file:///
F:/21-Feb-Odoo/client/n
ode_modules/vite/dist/n
ode/chunks/dep-BK3b2jBa
.js:65550:7)
    at file:///F:/21-Fe
b-Odoo/client/node_modu
les/rollup/dist/es/shar
ed/node-entry.js:19393:
13
    at Object.logger 
[as onLog] (file:///F:/
21-Feb-Odoo/client/node
_modules/rollup/dist/es
/shared/node-entry.js:2
1119:9)
    at ModuleLoader.han
dleInvalidResolvedId (f
ile:///F:/21-Feb-Odoo/c
lient/node_modules/roll
up/dist/es/shared/node-
entry.js:20008:26)
    at file:///F:/21-Fe
b-Odoo/client/node_modu
les/rollup/dist/es/shar
ed/node-entry.js:19966:
26[39m
